// Jest Snapshot v1, https://goo.gl/fbAQLP

exports[`components/admin_console/RadioSetting should match snapshot 1`] = `
<div>
  <div
    class="form-group"
    data-testid="string.id"
  >
    <label
      class="control-label col-sm-4"
      for="string.id"
    >
      some label
    </label>
    <div
      class="col-sm-8"
    >
      <div
        class="radio"
      >
        <label>
          <input
            name="string.id"
            type="radio"
            value="Engineering"
          />
          this is engineering
        </label>
      </div>
      <div
        class="radio"
      >
        <label>
          <input
            checked=""
            name="string.id"
            type="radio"
            value="Sales"
          />
          this is sales
        </label>
      </div>
      <div
        class="radio"
      >
        <label>
          <input
            name="string.id"
            type="radio"
            value="Administration"
          />
          this is administration
        </label>
      </div>
      <div
        class="help-text"
        data-testid="string.idhelp-text"
      />
    </div>
  </div>
</div>
`;
