// Jest Snapshot v1, https://goo.gl/fbAQLP

exports[`plugins/PostMessageView should render properly with extended post type 1`] = `
<div>
  <span
    data-testid="pluginId"
  >
    PostTypePlugin
  </span>
</div>
`;

exports[`plugins/PostMessageView should render properly with no extended post type 1`] = `
<div>
  <div
    data-testid="show-more"
  >
    Show More
  </div>
</div>
`;
