// Jest Snapshot v1, https://goo.gl/fbAQLP

exports[`ManageTeamsModal should match snapshot init 1`] = `
<div
  aria-hidden="true"
/>
`;
