// Jest Snapshot v1, https://goo.gl/fbAQLP

exports[`admin_console/team_channel_settings/team/TeamMembers should render properly when loading with no users 1`] = `
<div>
  <div
    data-testid="admin-panel"
  >
    <div
      class="header"
    >
      Members
    </div>
    <div
      class="body"
    >
      <div
        data-testid="user-grid"
      />
    </div>
  </div>
</div>
`;

exports[`admin_console/team_channel_settings/team/TeamMembers should render properly with users 1`] = `
<div>
  <div
    data-testid="admin-panel"
  >
    <div
      class="header"
    >
      Members
    </div>
    <div
      class="body"
    >
      <div
        data-testid="user-grid"
      />
    </div>
  </div>
</div>
`;
