// Jest Snapshot v1, https://goo.gl/fbAQLP

exports[`admin_console/system_role should render correctly with default props 1`] = `
<div>
  <div
    class="wrapper--fixed"
  >
    <div
      class="admin-console__header with-back"
    >
      <div>
        <a
          class="fa fa-angle-left back"
          data-testid="blockable-link"
          to="/admin_console/user_management/system_roles"
        />
        role_name
      </div>
    </div>
    <div
      class="admin-console__wrapper"
    >
      <div
        class="admin-console__content"
      >
        <div
          data-testid="system-role-permissions"
        />
        <div
          data-testid="system-role-users"
        />
      </div>
    </div>
    <div
      data-testid="save-changes-panel"
    />
  </div>
</div>
`;

exports[`admin_console/system_role should render correctly with isLicensedForCloud = true 1`] = `
<div>
  <div
    class="wrapper--fixed"
  >
    <div
      class="admin-console__header with-back"
    >
      <div>
        <a
          class="fa fa-angle-left back"
          data-testid="blockable-link"
          to="/admin_console/user_management/system_roles"
        />
        role_name
      </div>
    </div>
    <div
      class="admin-console__wrapper"
    >
      <div
        class="admin-console__content"
      >
        <div
          data-testid="system-role-permissions"
        />
        <div
          data-testid="system-role-users"
        />
      </div>
    </div>
    <div
      data-testid="save-changes-panel"
    />
  </div>
</div>
`;
