// Jest Snapshot v1, https://goo.gl/fbAQLP

exports[`components/admin_console/permission_schemes_settings/permission_tree should hide disabled integration options 1`] = `
<div>
  <div
    class="permissions-tree"
  >
    <div
      class="permissions-tree--header"
    >
      <div
        class="permission-name"
      >
        Permission
      </div>
      <div
        class="permission-description"
      >
        Description
      </div>
    </div>
    <div
      class="permissions-tree--body"
    >
      <div
        data-permissions="[{\\"id\\":\\"teams\\",\\"permissions\\":[{\\"id\\":\\"send_invites\\",\\"combined\\":true,\\"permissions\\":[\\"invite_user\\",\\"get_public_link\\",\\"add_user_to_team\\"]},\\"create_team\\"]},{\\"id\\":\\"public_channel\\",\\"permissions\\":[\\"create_public_channel\\",\\"manage_public_channel_properties\\",{\\"id\\":\\"manage_public_channel_members_and_read_groups\\",\\"combined\\":true,\\"permissions\\":[\\"manage_public_channel_members\\",\\"read_public_channel_groups\\"]},\\"delete_public_channel\\",\\"convert_public_channel_to_private\\"]},{\\"id\\":\\"private_channel\\",\\"permissions\\":[\\"create_private_channel\\",\\"manage_private_channel_properties\\",{\\"id\\":\\"manage_private_channel_members_and_read_groups\\",\\"combined\\":true,\\"permissions\\":[\\"manage_private_channel_members\\",\\"read_private_channel_groups\\"]},\\"delete_private_channel\\"]},{\\"id\\":\\"playbook_public\\",\\"permissions\\":[\\"playbook_public_create\\",\\"playbook_public_manage_properties\\",\\"playbook_public_manage_members\\",\\"playbook_public_make_private\\"]},{\\"id\\":\\"playbook_private\\",\\"permissions\\":[\\"playbook_private_create\\",\\"playbook_private_manage_properties\\",\\"playbook_private_manage_members\\",\\"playbook_private_make_public\\"]},{\\"id\\":\\"runs\\",\\"permissions\\":[\\"run_create\\"]},{\\"id\\":\\"posts\\",\\"permissions\\":[{\\"id\\":\\"edit_posts\\",\\"permissions\\":[\\"edit_post\\",\\"edit_others_posts\\"]},{\\"id\\":\\"delete_posts\\",\\"permissions\\":[\\"delete_post\\",\\"delete_others_posts\\"]},{\\"id\\":\\"reactions\\",\\"combined\\":true,\\"permissions\\":[\\"add_reaction\\",\\"remove_reaction\\"]},\\"use_channel_mentions\\",{\\"id\\":\\"create_post\\",\\"combined\\":true,\\"permissions\\":[\\"create_post\\",\\"upload_file\\"]}]},{\\"id\\":\\"integrations\\",\\"permissions\\":[]},{\\"id\\":\\"manage_shared_channels\\",\\"permissions\\":[]},{\\"id\\":\\"custom_groups\\",\\"permissions\\":[\\"create_custom_group\\",\\"manage_custom_group_members\\",\\"edit_custom_group\\",\\"delete_custom_group\\",\\"restore_custom_group\\"]}]"
        data-testid="permission-group-all"
      >
        all
      </div>
    </div>
    <div
      data-testid="edit-time-limit-modal"
    >
      Modal
    </div>
  </div>
</div>
`;

exports[`components/admin_console/permission_schemes_settings/permission_tree should render correctly with default props 1`] = `
<div>
  <div
    class="permissions-tree"
  >
    <div
      class="permissions-tree--header"
    >
      <div
        class="permission-name"
      >
        Permission
      </div>
      <div
        class="permission-description"
      >
        Description
      </div>
    </div>
    <div
      class="permissions-tree--body"
    >
      <div
        data-permissions="[{\\"id\\":\\"teams\\",\\"permissions\\":[{\\"id\\":\\"send_invites\\",\\"combined\\":true,\\"permissions\\":[\\"invite_user\\",\\"get_public_link\\",\\"add_user_to_team\\"]},\\"create_team\\"]},{\\"id\\":\\"public_channel\\",\\"permissions\\":[\\"create_public_channel\\",\\"manage_public_channel_properties\\",{\\"id\\":\\"manage_public_channel_members_and_read_groups\\",\\"combined\\":true,\\"permissions\\":[\\"manage_public_channel_members\\",\\"read_public_channel_groups\\"]},\\"delete_public_channel\\",\\"convert_public_channel_to_private\\"]},{\\"id\\":\\"private_channel\\",\\"permissions\\":[\\"create_private_channel\\",\\"manage_private_channel_properties\\",{\\"id\\":\\"manage_private_channel_members_and_read_groups\\",\\"combined\\":true,\\"permissions\\":[\\"manage_private_channel_members\\",\\"read_private_channel_groups\\"]},\\"delete_private_channel\\"]},{\\"id\\":\\"playbook_public\\",\\"permissions\\":[\\"playbook_public_create\\",\\"playbook_public_manage_properties\\",\\"playbook_public_manage_members\\",\\"playbook_public_make_private\\"]},{\\"id\\":\\"playbook_private\\",\\"permissions\\":[\\"playbook_private_create\\",\\"playbook_private_manage_properties\\",\\"playbook_private_manage_members\\",\\"playbook_private_make_public\\"]},{\\"id\\":\\"runs\\",\\"permissions\\":[\\"run_create\\"]},{\\"id\\":\\"posts\\",\\"permissions\\":[{\\"id\\":\\"edit_posts\\",\\"permissions\\":[\\"edit_post\\",\\"edit_others_posts\\"]},{\\"id\\":\\"delete_posts\\",\\"permissions\\":[\\"delete_post\\",\\"delete_others_posts\\"]},{\\"id\\":\\"reactions\\",\\"combined\\":true,\\"permissions\\":[\\"add_reaction\\",\\"remove_reaction\\"]},\\"use_channel_mentions\\",{\\"id\\":\\"create_post\\",\\"combined\\":true,\\"permissions\\":[\\"create_post\\",\\"upload_file\\"]}]},{\\"id\\":\\"integrations\\",\\"permissions\\":[\\"manage_incoming_webhooks\\",\\"manage_outgoing_webhooks\\",\\"manage_oauth\\",\\"manage_slash_commands\\",\\"create_emojis\\",\\"delete_emojis\\",\\"delete_others_emojis\\"]},{\\"id\\":\\"manage_shared_channels\\",\\"permissions\\":[]},{\\"id\\":\\"custom_groups\\",\\"permissions\\":[\\"create_custom_group\\",\\"manage_custom_group_members\\",\\"edit_custom_group\\",\\"delete_custom_group\\",\\"restore_custom_group\\"]}]"
        data-testid="permission-group-all"
      >
        all
      </div>
    </div>
    <div
      data-testid="edit-time-limit-modal"
    >
      Modal
    </div>
  </div>
</div>
`;

exports[`components/admin_console/permission_schemes_settings/permission_tree should render correctly with license without LDAPGroups 1`] = `
<div>
  <div
    class="permissions-tree"
  >
    <div
      class="permissions-tree--header"
    >
      <div
        class="permission-name"
      >
        Permission
      </div>
      <div
        class="permission-description"
      >
        Description
      </div>
    </div>
    <div
      class="permissions-tree--body"
    >
      <div
        data-permissions="[{\\"id\\":\\"teams\\",\\"permissions\\":[{\\"id\\":\\"send_invites\\",\\"combined\\":true,\\"permissions\\":[\\"invite_user\\",\\"get_public_link\\",\\"add_user_to_team\\"]},\\"create_team\\"]},{\\"id\\":\\"public_channel\\",\\"permissions\\":[\\"create_public_channel\\",\\"manage_public_channel_properties\\",{\\"id\\":\\"manage_public_channel_members_and_read_groups\\",\\"combined\\":true,\\"permissions\\":[\\"manage_public_channel_members\\",\\"read_public_channel_groups\\"]},\\"delete_public_channel\\",\\"convert_public_channel_to_private\\"]},{\\"id\\":\\"private_channel\\",\\"permissions\\":[\\"create_private_channel\\",\\"manage_private_channel_properties\\",{\\"id\\":\\"manage_private_channel_members_and_read_groups\\",\\"combined\\":true,\\"permissions\\":[\\"manage_private_channel_members\\",\\"read_private_channel_groups\\"]},\\"delete_private_channel\\"]},{\\"id\\":\\"playbook_public\\",\\"permissions\\":[\\"playbook_public_create\\",\\"playbook_public_manage_properties\\",\\"playbook_public_manage_members\\"]},{\\"id\\":\\"runs\\",\\"permissions\\":[\\"run_create\\"]},{\\"id\\":\\"posts\\",\\"permissions\\":[{\\"id\\":\\"edit_posts\\",\\"permissions\\":[\\"edit_post\\",\\"edit_others_posts\\"]},{\\"id\\":\\"delete_posts\\",\\"permissions\\":[\\"delete_post\\",\\"delete_others_posts\\"]},{\\"id\\":\\"reactions\\",\\"combined\\":true,\\"permissions\\":[\\"add_reaction\\",\\"remove_reaction\\"]},\\"use_channel_mentions\\",{\\"id\\":\\"create_post\\",\\"combined\\":true,\\"permissions\\":[\\"create_post\\",\\"upload_file\\"]}]},{\\"id\\":\\"integrations\\",\\"permissions\\":[\\"manage_incoming_webhooks\\",\\"manage_outgoing_webhooks\\",\\"manage_oauth\\",\\"manage_slash_commands\\",\\"create_emojis\\",\\"delete_emojis\\",\\"delete_others_emojis\\"]},{\\"id\\":\\"manage_shared_channels\\",\\"permissions\\":[]},{\\"id\\":\\"custom_groups\\",\\"permissions\\":[\\"create_custom_group\\",\\"manage_custom_group_members\\",\\"edit_custom_group\\",\\"delete_custom_group\\",\\"restore_custom_group\\"]}]"
        data-testid="permission-group-all"
      >
        all
      </div>
    </div>
    <div
      data-testid="edit-time-limit-modal"
    >
      Modal
    </div>
  </div>
</div>
`;

exports[`components/admin_console/permission_schemes_settings/permission_tree should render correctly with parentRole having permissions 1`] = `
<div>
  <div
    class="permissions-tree"
  >
    <div
      class="permissions-tree--header"
    >
      <div
        class="permission-name"
      >
        Permission
      </div>
      <div
        class="permission-description"
      >
        Description
      </div>
    </div>
    <div
      class="permissions-tree--body"
    >
      <div
        data-permissions="[{\\"id\\":\\"teams\\",\\"permissions\\":[{\\"id\\":\\"send_invites\\",\\"combined\\":true,\\"permissions\\":[\\"invite_user\\",\\"get_public_link\\",\\"add_user_to_team\\"]},\\"create_team\\"]},{\\"id\\":\\"public_channel\\",\\"permissions\\":[\\"create_public_channel\\",\\"manage_public_channel_properties\\",{\\"id\\":\\"manage_public_channel_members_and_read_groups\\",\\"combined\\":true,\\"permissions\\":[\\"manage_public_channel_members\\",\\"read_public_channel_groups\\"]},\\"delete_public_channel\\",\\"convert_public_channel_to_private\\"]},{\\"id\\":\\"private_channel\\",\\"permissions\\":[\\"create_private_channel\\",\\"manage_private_channel_properties\\",{\\"id\\":\\"manage_private_channel_members_and_read_groups\\",\\"combined\\":true,\\"permissions\\":[\\"manage_private_channel_members\\",\\"read_private_channel_groups\\"]},\\"delete_private_channel\\"]},{\\"id\\":\\"playbook_public\\",\\"permissions\\":[\\"playbook_public_create\\",\\"playbook_public_manage_properties\\",\\"playbook_public_manage_members\\",\\"playbook_public_make_private\\"]},{\\"id\\":\\"playbook_private\\",\\"permissions\\":[\\"playbook_private_create\\",\\"playbook_private_manage_properties\\",\\"playbook_private_manage_members\\",\\"playbook_private_make_public\\"]},{\\"id\\":\\"runs\\",\\"permissions\\":[\\"run_create\\"]},{\\"id\\":\\"posts\\",\\"permissions\\":[{\\"id\\":\\"edit_posts\\",\\"permissions\\":[\\"edit_post\\",\\"edit_others_posts\\"]},{\\"id\\":\\"delete_posts\\",\\"permissions\\":[\\"delete_post\\",\\"delete_others_posts\\"]},{\\"id\\":\\"reactions\\",\\"combined\\":true,\\"permissions\\":[\\"add_reaction\\",\\"remove_reaction\\"]},\\"use_channel_mentions\\",{\\"id\\":\\"create_post\\",\\"combined\\":true,\\"permissions\\":[\\"create_post\\",\\"upload_file\\"]}]},{\\"id\\":\\"integrations\\",\\"permissions\\":[\\"manage_incoming_webhooks\\",\\"manage_outgoing_webhooks\\",\\"manage_oauth\\",\\"manage_slash_commands\\",\\"create_emojis\\",\\"delete_emojis\\",\\"delete_others_emojis\\"]},{\\"id\\":\\"manage_shared_channels\\",\\"permissions\\":[]},{\\"id\\":\\"custom_groups\\",\\"permissions\\":[\\"create_custom_group\\",\\"manage_custom_group_members\\",\\"edit_custom_group\\",\\"delete_custom_group\\",\\"restore_custom_group\\"]}]"
        data-testid="permission-group-all"
      >
        all
      </div>
    </div>
    <div
      data-testid="edit-time-limit-modal"
    >
      Modal
    </div>
  </div>
</div>
`;

exports[`components/admin_console/permission_schemes_settings/permission_tree should render correctly with read only flag 1`] = `
<div>
  <div
    class="permissions-tree"
  >
    <div
      class="permissions-tree--header"
    >
      <div
        class="permission-name"
      >
        Permission
      </div>
      <div
        class="permission-description"
      >
        Description
      </div>
    </div>
    <div
      class="permissions-tree--body"
    >
      <div
        data-permissions="[{\\"id\\":\\"teams\\",\\"permissions\\":[{\\"id\\":\\"send_invites\\",\\"combined\\":true,\\"permissions\\":[\\"invite_user\\",\\"get_public_link\\",\\"add_user_to_team\\"]},\\"create_team\\"]},{\\"id\\":\\"public_channel\\",\\"permissions\\":[\\"create_public_channel\\",\\"manage_public_channel_properties\\",{\\"id\\":\\"manage_public_channel_members_and_read_groups\\",\\"combined\\":true,\\"permissions\\":[\\"manage_public_channel_members\\",\\"read_public_channel_groups\\"]},\\"delete_public_channel\\",\\"convert_public_channel_to_private\\"]},{\\"id\\":\\"private_channel\\",\\"permissions\\":[\\"create_private_channel\\",\\"manage_private_channel_properties\\",{\\"id\\":\\"manage_private_channel_members_and_read_groups\\",\\"combined\\":true,\\"permissions\\":[\\"manage_private_channel_members\\",\\"read_private_channel_groups\\"]},\\"delete_private_channel\\"]},{\\"id\\":\\"playbook_public\\",\\"permissions\\":[\\"playbook_public_create\\",\\"playbook_public_manage_properties\\",\\"playbook_public_manage_members\\",\\"playbook_public_make_private\\"]},{\\"id\\":\\"playbook_private\\",\\"permissions\\":[\\"playbook_private_create\\",\\"playbook_private_manage_properties\\",\\"playbook_private_manage_members\\",\\"playbook_private_make_public\\"]},{\\"id\\":\\"runs\\",\\"permissions\\":[\\"run_create\\"]},{\\"id\\":\\"posts\\",\\"permissions\\":[{\\"id\\":\\"edit_posts\\",\\"permissions\\":[\\"edit_post\\",\\"edit_others_posts\\"]},{\\"id\\":\\"delete_posts\\",\\"permissions\\":[\\"delete_post\\",\\"delete_others_posts\\"]},{\\"id\\":\\"reactions\\",\\"combined\\":true,\\"permissions\\":[\\"add_reaction\\",\\"remove_reaction\\"]},\\"use_channel_mentions\\",{\\"id\\":\\"create_post\\",\\"combined\\":true,\\"permissions\\":[\\"create_post\\",\\"upload_file\\"]}]},{\\"id\\":\\"integrations\\",\\"permissions\\":[\\"manage_incoming_webhooks\\",\\"manage_outgoing_webhooks\\",\\"manage_oauth\\",\\"manage_slash_commands\\",\\"create_emojis\\",\\"delete_emojis\\",\\"delete_others_emojis\\"]},{\\"id\\":\\"manage_shared_channels\\",\\"permissions\\":[]},{\\"id\\":\\"custom_groups\\",\\"permissions\\":[\\"create_custom_group\\",\\"manage_custom_group_members\\",\\"edit_custom_group\\",\\"delete_custom_group\\",\\"restore_custom_group\\"]}]"
        data-testid="permission-group-all"
      >
        all
      </div>
    </div>
    <div
      data-testid="edit-time-limit-modal"
    >
      Modal
    </div>
  </div>
</div>
`;

exports[`components/admin_console/permission_schemes_settings/permission_tree should render correctly with system scope 1`] = `
<div>
  <div
    class="permissions-tree"
  >
    <div
      class="permissions-tree--header"
    >
      <div
        class="permission-name"
      >
        Permission
      </div>
      <div
        class="permission-description"
      >
        Description
      </div>
    </div>
    <div
      class="permissions-tree--body"
    >
      <div
        data-permissions="[{\\"id\\":\\"teams\\",\\"permissions\\":[{\\"id\\":\\"send_invites\\",\\"combined\\":true,\\"permissions\\":[\\"invite_user\\",\\"get_public_link\\",\\"add_user_to_team\\"]},\\"create_team\\"]},{\\"id\\":\\"public_channel\\",\\"permissions\\":[\\"create_public_channel\\",\\"manage_public_channel_properties\\",{\\"id\\":\\"manage_public_channel_members_and_read_groups\\",\\"combined\\":true,\\"permissions\\":[\\"manage_public_channel_members\\",\\"read_public_channel_groups\\"]},\\"delete_public_channel\\",\\"convert_public_channel_to_private\\"]},{\\"id\\":\\"private_channel\\",\\"permissions\\":[\\"create_private_channel\\",\\"manage_private_channel_properties\\",{\\"id\\":\\"manage_private_channel_members_and_read_groups\\",\\"combined\\":true,\\"permissions\\":[\\"manage_private_channel_members\\",\\"read_private_channel_groups\\"]},\\"delete_private_channel\\"]},{\\"id\\":\\"playbook_public\\",\\"permissions\\":[\\"playbook_public_create\\",\\"playbook_public_manage_properties\\",\\"playbook_public_manage_members\\",\\"playbook_public_make_private\\"]},{\\"id\\":\\"playbook_private\\",\\"permissions\\":[\\"playbook_private_create\\",\\"playbook_private_manage_properties\\",\\"playbook_private_manage_members\\",\\"playbook_private_make_public\\"]},{\\"id\\":\\"runs\\",\\"permissions\\":[\\"run_create\\"]},{\\"id\\":\\"posts\\",\\"permissions\\":[{\\"id\\":\\"edit_posts\\",\\"permissions\\":[\\"edit_post\\",\\"edit_others_posts\\"]},{\\"id\\":\\"delete_posts\\",\\"permissions\\":[\\"delete_post\\",\\"delete_others_posts\\"]},{\\"id\\":\\"reactions\\",\\"combined\\":true,\\"permissions\\":[\\"add_reaction\\",\\"remove_reaction\\"]},\\"use_channel_mentions\\",{\\"id\\":\\"create_post\\",\\"combined\\":true,\\"permissions\\":[\\"create_post\\",\\"upload_file\\"]}]},{\\"id\\":\\"integrations\\",\\"permissions\\":[\\"manage_incoming_webhooks\\",\\"manage_outgoing_webhooks\\",\\"manage_oauth\\",\\"manage_slash_commands\\",\\"create_emojis\\",\\"delete_emojis\\",\\"delete_others_emojis\\"]},{\\"id\\":\\"manage_shared_channels\\",\\"permissions\\":[]},{\\"id\\":\\"custom_groups\\",\\"permissions\\":[\\"create_custom_group\\",\\"manage_custom_group_members\\",\\"edit_custom_group\\",\\"delete_custom_group\\",\\"restore_custom_group\\"]}]"
        data-testid="permission-group-all"
      >
        all
      </div>
    </div>
    <div
      data-testid="edit-time-limit-modal"
    >
      Modal
    </div>
  </div>
</div>
`;

exports[`components/admin_console/permission_schemes_settings/permission_tree should render correctly with team scope 1`] = `
<div>
  <div
    class="permissions-tree"
  >
    <div
      class="permissions-tree--header"
    >
      <div
        class="permission-name"
      >
        Permission
      </div>
      <div
        class="permission-description"
      >
        Description
      </div>
    </div>
    <div
      class="permissions-tree--body"
    >
      <div
        data-permissions="[{\\"id\\":\\"teams_team_scope\\",\\"permissions\\":[{\\"id\\":\\"send_invites\\",\\"combined\\":true,\\"permissions\\":[\\"invite_user\\",\\"get_public_link\\",\\"add_user_to_team\\"]},\\"create_team\\"]},{\\"id\\":\\"public_channel\\",\\"permissions\\":[\\"create_public_channel\\",\\"manage_public_channel_properties\\",{\\"id\\":\\"manage_public_channel_members_and_read_groups\\",\\"combined\\":true,\\"permissions\\":[\\"manage_public_channel_members\\",\\"read_public_channel_groups\\"]},\\"delete_public_channel\\",\\"convert_public_channel_to_private\\"]},{\\"id\\":\\"private_channel\\",\\"permissions\\":[\\"create_private_channel\\",\\"manage_private_channel_properties\\",{\\"id\\":\\"manage_private_channel_members_and_read_groups\\",\\"combined\\":true,\\"permissions\\":[\\"manage_private_channel_members\\",\\"read_private_channel_groups\\"]},\\"delete_private_channel\\"]},{\\"id\\":\\"playbook_public\\",\\"permissions\\":[\\"playbook_public_create\\",\\"playbook_public_manage_properties\\",\\"playbook_public_manage_members\\",\\"playbook_public_make_private\\"]},{\\"id\\":\\"playbook_private\\",\\"permissions\\":[\\"playbook_private_create\\",\\"playbook_private_manage_properties\\",\\"playbook_private_manage_members\\",\\"playbook_private_make_public\\"]},{\\"id\\":\\"runs\\",\\"permissions\\":[\\"run_create\\"]},{\\"id\\":\\"posts\\",\\"permissions\\":[{\\"id\\":\\"edit_posts\\",\\"permissions\\":[\\"edit_post\\",\\"edit_others_posts\\"]},{\\"id\\":\\"delete_posts\\",\\"permissions\\":[\\"delete_post\\",\\"delete_others_posts\\"]},{\\"id\\":\\"reactions\\",\\"combined\\":true,\\"permissions\\":[\\"add_reaction\\",\\"remove_reaction\\"]},\\"use_channel_mentions\\",{\\"id\\":\\"create_post\\",\\"combined\\":true,\\"permissions\\":[\\"create_post\\",\\"upload_file\\"]}]},{\\"id\\":\\"integrations\\",\\"permissions\\":[\\"manage_incoming_webhooks\\",\\"manage_outgoing_webhooks\\",\\"manage_oauth\\",\\"manage_slash_commands\\",\\"create_emojis\\",\\"delete_emojis\\",\\"delete_others_emojis\\"]},{\\"id\\":\\"manage_shared_channels\\",\\"permissions\\":[]},{\\"id\\":\\"custom_groups\\",\\"permissions\\":[\\"create_custom_group\\",\\"manage_custom_group_members\\",\\"edit_custom_group\\",\\"delete_custom_group\\",\\"restore_custom_group\\"]}]"
        data-testid="permission-group-all"
      >
        all
      </div>
    </div>
    <div
      data-testid="edit-time-limit-modal"
    >
      Modal
    </div>
  </div>
</div>
`;
